Resolving dependencies...
Downloading packages...
+ async 2.11.0 (2.13.1 available)
+ boolean_selector 2.1.1 (2.1.2 available)
+ characters 1.3.0 (1.4.1 available)
+ clock 1.1.1 (1.1.3 available)
+ collection 1.18.0 (1.19.1 available)
+ fake_async 1.3.1 (1.3.3 available)
+ ffi 2.1.3 (2.2.0 available)
+ flutter 0.0.0 from sdk flutter
+ flutter_lints 4.0.0 (6.0.0 available)
+ flutter_test 0.0.0 from sdk flutter
+ http 1.6.0
+ http_parser 4.0.2 (4.1.2 available)
+ leak_tracker 10.0.4 (11.0.2 available)
+ leak_tracker_flutter_testing 3.0.3 (3.0.10 available)
+ leak_tracker_testing 3.0.1 (3.0.2 available)
+ lints 4.0.0 (6.1.0 available)
+ matcher 0.12.16+1 (0.12.20 available)
+ material_color_utilities 0.8.0 (0.13.1 available)
+ meta 1.12.0 (1.19.0 available)
+ path 1.9.0 (1.9.1 available)
+ path_provider 2.1.5 (2.1.6 available)
+ path_provider_android 2.2.10 (2.3.1 available)
+ path_provider_foundation 2.4.1 (2.6.0 available)
+ path_provider_linux 2.2.1 (2.2.2 available)
+ path_provider_platform_interface 2.1.2 (2.1.3 available)
+ path_provider_windows 2.3.0
+ platform 3.1.6 (3.2.0 available)
+ plugin_platform_interface 2.1.8
+ sky_engine 0.0.99 from sdk flutter
+ source_span 1.10.0 (1.10.2 available)
+ sqlite3 2.4.7 (3.7.0 available)
+ sqlite3_flutter_libs 0.5.42 (0.6.0+eol available)
+ stack_trace 1.11.1 (1.12.2 available)
+ stream_channel 2.1.2 (2.1.4 available)
+ string_scanner 1.2.0 (1.4.1 available)
+ term_glyph 1.2.1 (1.2.2 available)
+ test_api 0.7.0 (0.7.14 available)
+ typed_data 1.3.2 (1.4.0 available)
+ vector_math 2.1.4 (2.4.3 available)
+ vm_service 14.2.1 (15.3.0 available)
+ web 1.1.1
+ xdg_directories 1.1.0
Changed 42 dependencies!
34 packages have newer versions incompatible with dependency constraints.
Try `dart pub outdated` for more information.
